Archive member included to satisfy reference by file (symbol)

c:/program files (x86)/atmel/studio/7.0/toolchain/avr8/avr8-gnu-toolchain/bin/../lib/gcc/avr/5.4.0/avr5\libgcc.a(_exit.o)
                              C:/Program Files (x86)/Atmel/Studio/7.0/Packs/atmel/ATmega_DFP/1.2.132/gcc/dev/atmega64/avr5/crtatmega64.o (exit)
c:/program files (x86)/atmel/studio/7.0/toolchain/avr8/avr8-gnu-toolchain/bin/../lib/gcc/avr/5.4.0/avr5\libgcc.a(_tablejump2.o)
                              LEDs.o (__tablejump2__)
c:/program files (x86)/atmel/studio/7.0/toolchain/avr8/avr8-gnu-toolchain/bin/../lib/gcc/avr/5.4.0/avr5\libgcc.a(_clear_bss.o)
                              EEPROM.o (__do_clear_bss)

Allocating common symbols
Common symbol       size              file

cell_addres         0x2               KabelTest_Board_3.o
Mode                0x1               KabelTest_Board_3.o
ToEepromFromPC_cell_addres
                    0x2               KabelTest_Board_3.o

Discarded input sections

 .data          0x00000000        0x0 C:/Program Files (x86)/Atmel/Studio/7.0/Packs/atmel/ATmega_DFP/1.2.132/gcc/dev/atmega64/avr5/crtatmega64.o
 .bss           0x00000000        0x0 C:/Program Files (x86)/Atmel/Studio/7.0/Packs/atmel/ATmega_DFP/1.2.132/gcc/dev/atmega64/avr5/crtatmega64.o
 .text          0x00000000        0x0 EEPROM.o
 .data          0x00000000        0x0 EEPROM.o
 .bss           0x00000000        0x0 EEPROM.o
 .text          0x00000000        0x0 Interrupts.o
 .data          0x00000000        0x0 Interrupts.o
 .bss           0x00000000        0x0 Interrupts.o
 .text          0x00000000        0x0 KabelTest_Board_3.o
 .data          0x00000000        0x0 KabelTest_Board_3.o
 .bss           0x00000000        0x0 KabelTest_Board_3.o
 .text          0x00000000        0x0 LEDs.o
 .data          0x00000000        0x0 LEDs.o
 .bss           0x00000000        0x0 LEDs.o
 .text          0x00000000        0x0 Process.o
 .data          0x00000000        0x0 Process.o
 .bss           0x00000000        0x0 Process.o
 .text          0x00000000        0x0 Timer_1.o
 .data          0x00000000        0x0 Timer_1.o
 .bss           0x00000000        0x0 Timer_1.o
 .text          0x00000000        0x0 UART.o
 .data          0x00000000        0x0 UART.o
 .bss           0x00000000        0x0 UART.o
 .text.USART_Transmit
                0x00000000        0x8 UART.o
 .text          0x00000000        0x0 c:/program files (x86)/atmel/studio/7.0/toolchain/avr8/avr8-gnu-toolchain/bin/../lib/gcc/avr/5.4.0/avr5\libgcc.a(_exit.o)
 .data          0x00000000        0x0 c:/program files (x86)/atmel/studio/7.0/toolchain/avr8/avr8-gnu-toolchain/bin/../lib/gcc/avr/5.4.0/avr5\libgcc.a(_exit.o)
 .bss           0x00000000        0x0 c:/program files (x86)/atmel/studio/7.0/toolchain/avr8/avr8-gnu-toolchain/bin/../lib/gcc/avr/5.4.0/avr5\libgcc.a(_exit.o)
 .text.libgcc.mul
                0x00000000        0x0 c:/program files (x86)/atmel/studio/7.0/toolchain/avr8/avr8-gnu-toolchain/bin/../lib/gcc/avr/5.4.0/avr5\libgcc.a(_exit.o)
 .text.libgcc.div
                0x00000000        0x0 c:/program files (x86)/atmel/studio/7.0/toolchain/avr8/avr8-gnu-toolchain/bin/../lib/gcc/avr/5.4.0/avr5\libgcc.a(_exit.o)
 .text.libgcc   0x00000000        0x0 c:/program files (x86)/atmel/studio/7.0/toolchain/avr8/avr8-gnu-toolchain/bin/../lib/gcc/avr/5.4.0/avr5\libgcc.a(_exit.o)
 .text.libgcc.prologue
                0x00000000        0x0 c:/program files (x86)/atmel/studio/7.0/toolchain/avr8/avr8-gnu-toolchain/bin/../lib/gcc/avr/5.4.0/avr5\libgcc.a(_exit.o)
 .text.libgcc.builtins
                0x00000000        0x0 c:/program files (x86)/atmel/studio/7.0/toolchain/avr8/avr8-gnu-toolchain/bin/../lib/gcc/avr/5.4.0/avr5\libgcc.a(_exit.o)
 .text.libgcc.fmul
                0x00000000        0x0 c:/program files (x86)/atmel/studio/7.0/toolchain/avr8/avr8-gnu-toolchain/bin/../lib/gcc/avr/5.4.0/avr5\libgcc.a(_exit.o)
 .text.libgcc.fixed
                0x00000000        0x0 c:/program files (x86)/atmel/studio/7.0/toolchain/avr8/avr8-gnu-toolchain/bin/../lib/gcc/avr/5.4.0/avr5\libgcc.a(_exit.o)
 .text          0x00000000        0x0 c:/program files (x86)/atmel/studio/7.0/toolchain/avr8/avr8-gnu-toolchain/bin/../lib/gcc/avr/5.4.0/avr5\libgcc.a(_tablejump2.o)
 .data          0x00000000        0x0 c:/program files (x86)/atmel/studio/7.0/toolchain/avr8/avr8-gnu-toolchain/bin/../lib/gcc/avr/5.4.0/avr5\libgcc.a(_tablejump2.o)
 .bss           0x00000000        0x0 c:/program files (x86)/atmel/studio/7.0/toolchain/avr8/avr8-gnu-toolchain/bin/../lib/gcc/avr/5.4.0/avr5\libgcc.a(_tablejump2.o)
 .text.libgcc.mul
                0x00000000        0x0 c:/program files (x86)/atmel/studio/7.0/toolchain/avr8/avr8-gnu-toolchain/bin/../lib/gcc/avr/5.4.0/avr5\libgcc.a(_tablejump2.o)
 .text.libgcc.div
                0x00000000        0x0 c:/program files (x86)/atmel/studio/7.0/toolchain/avr8/avr8-gnu-toolchain/bin/../lib/gcc/avr/5.4.0/avr5\libgcc.a(_tablejump2.o)
 .text.libgcc.prologue
                0x00000000        0x0 c:/program files (x86)/atmel/studio/7.0/toolchain/avr8/avr8-gnu-toolchain/bin/../lib/gcc/avr/5.4.0/avr5\libgcc.a(_tablejump2.o)
 .text.libgcc.builtins
                0x00000000        0x0 c:/program files (x86)/atmel/studio/7.0/toolchain/avr8/avr8-gnu-toolchain/bin/../lib/gcc/avr/5.4.0/avr5\libgcc.a(_tablejump2.o)
 .text.libgcc.fmul
                0x00000000        0x0 c:/program files (x86)/atmel/studio/7.0/toolchain/avr8/avr8-gnu-toolchain/bin/../lib/gcc/avr/5.4.0/avr5\libgcc.a(_tablejump2.o)
 .text.libgcc.fixed
                0x00000000        0x0 c:/program files (x86)/atmel/studio/7.0/toolchain/avr8/avr8-gnu-toolchain/bin/../lib/gcc/avr/5.4.0/avr5\libgcc.a(_tablejump2.o)
 .text          0x00000000        0x0 c:/program files (x86)/atmel/studio/7.0/toolchain/avr8/avr8-gnu-toolchain/bin/../lib/gcc/avr/5.4.0/avr5\libgcc.a(_clear_bss.o)
 .data          0x00000000        0x0 c:/program files (x86)/atmel/studio/7.0/toolchain/avr8/avr8-gnu-toolchain/bin/../lib/gcc/avr/5.4.0/avr5\libgcc.a(_clear_bss.o)
 .bss           0x00000000        0x0 c:/program files (x86)/atmel/studio/7.0/toolchain/avr8/avr8-gnu-toolchain/bin/../lib/gcc/avr/5.4.0/avr5\libgcc.a(_clear_bss.o)
 .text.libgcc.mul
                0x00000000        0x0 c:/program files (x86)/atmel/studio/7.0/toolchain/avr8/avr8-gnu-toolchain/bin/../lib/gcc/avr/5.4.0/avr5\libgcc.a(_clear_bss.o)
 .text.libgcc.div
                0x00000000        0x0 c:/program files (x86)/atmel/studio/7.0/toolchain/avr8/avr8-gnu-toolchain/bin/../lib/gcc/avr/5.4.0/avr5\libgcc.a(_clear_bss.o)
 .text.libgcc   0x00000000        0x0 c:/program files (x86)/atmel/studio/7.0/toolchain/avr8/avr8-gnu-toolchain/bin/../lib/gcc/avr/5.4.0/avr5\libgcc.a(_clear_bss.o)
 .text.libgcc.prologue
                0x00000000        0x0 c:/program files (x86)/atmel/studio/7.0/toolchain/avr8/avr8-gnu-toolchain/bin/../lib/gcc/avr/5.4.0/avr5\libgcc.a(_clear_bss.o)
 .text.libgcc.builtins
                0x00000000        0x0 c:/program files (x86)/atmel/studio/7.0/toolchain/avr8/avr8-gnu-toolchain/bin/../lib/gcc/avr/5.4.0/avr5\libgcc.a(_clear_bss.o)
 .text.libgcc.fmul
                0x00000000        0x0 c:/program files (x86)/atmel/studio/7.0/toolchain/avr8/avr8-gnu-toolchain/bin/../lib/gcc/avr/5.4.0/avr5\libgcc.a(_clear_bss.o)
 .text.libgcc.fixed
                0x00000000        0x0 c:/program files (x86)/atmel/studio/7.0/toolchain/avr8/avr8-gnu-toolchain/bin/../lib/gcc/avr/5.4.0/avr5\libgcc.a(_clear_bss.o)

Memory Configuration

Name             Origin             Length             Attributes
text             0x00000000         0x00020000         xr
data             0x00800060         0x0000ffa0         rw !x
eeprom           0x00810000         0x00010000         rw !x
fuse             0x00820000         0x00000003         rw !x
lock             0x00830000         0x00000400         rw !x
signature        0x00840000         0x00000400         rw !x
user_signatures  0x00850000         0x00000400         rw !x
*default*        0x00000000         0xffffffff

Linker script and memory map

Address of section .data set to 0x800100
LOAD C:/Program Files (x86)/Atmel/Studio/7.0/Packs/atmel/ATmega_DFP/1.2.132/gcc/dev/atmega64/avr5/crtatmega64.o
LOAD EEPROM.o
LOAD Interrupts.o
LOAD KabelTest_Board_3.o
LOAD LEDs.o
LOAD Process.o
LOAD Timer_1.o
LOAD UART.o
START GROUP
LOAD c:/program files (x86)/atmel/studio/7.0/toolchain/avr8/avr8-gnu-toolchain/bin/../lib/gcc/avr/5.4.0/../../../../avr/lib/avr5\libm.a
END GROUP
START GROUP
LOAD c:/program files (x86)/atmel/studio/7.0/toolchain/avr8/avr8-gnu-toolchain/bin/../lib/gcc/avr/5.4.0/avr5\libgcc.a
LOAD c:/program files (x86)/atmel/studio/7.0/toolchain/avr8/avr8-gnu-toolchain/bin/../lib/gcc/avr/5.4.0/../../../../avr/lib/avr5\libm.a
LOAD c:/program files (x86)/atmel/studio/7.0/toolchain/avr8/avr8-gnu-toolchain/bin/../lib/gcc/avr/5.4.0/../../../../avr/lib/avr5\libc.a
LOAD C:/Program Files (x86)/Atmel/Studio/7.0/Packs/atmel/ATmega_DFP/1.2.132/gcc/dev/atmega64/avr5\libatmega64.a
END GROUP
                0x00020000                __TEXT_REGION_LENGTH__ = DEFINED (__TEXT_REGION_LENGTH__)?__TEXT_REGION_LENGTH__:0x20000
                0x0000ffa0                __DATA_REGION_LENGTH__ = DEFINED (__DATA_REGION_LENGTH__)?__DATA_REGION_LENGTH__:0xffa0
                0x00010000                __EEPROM_REGION_LENGTH__ = DEFINED (__EEPROM_REGION_LENGTH__)?__EEPROM_REGION_LENGTH__:0x10000
                [0x00000003]                __FUSE_REGION_LENGTH__ = DEFINED (__FUSE_REGION_LENGTH__)?__FUSE_REGION_LENGTH__:0x400
                0x00000400                __LOCK_REGION_LENGTH__ = DEFINED (__LOCK_REGION_LENGTH__)?__LOCK_REGION_LENGTH__:0x400
                0x00000400                __SIGNATURE_REGION_LENGTH__ = DEFINED (__SIGNATURE_REGION_LENGTH__)?__SIGNATURE_REGION_LENGTH__:0x400
                0x00000400                __USER_SIGNATURE_REGION_LENGTH__ = DEFINED (__USER_SIGNATURE_REGION_LENGTH__)?__USER_SIGNATURE_REGION_LENGTH__:0x400

.hash
 *(.hash)

.dynsym
 *(.dynsym)

.dynstr
 *(.dynstr)

.gnu.version
 *(.gnu.version)

.gnu.version_d
 *(.gnu.version_d)

.gnu.version_r
 *(.gnu.version_r)

.rel.init
 *(.rel.init)

.rela.init
 *(.rela.init)

.rel.text
 *(.rel.text)
 *(.rel.text.*)
 *(.rel.gnu.linkonce.t*)

.rela.text
 *(.rela.text)
 *(.rela.text.*)
 *(.rela.gnu.linkonce.t*)

.rel.fini
 *(.rel.fini)

.rela.fini
 *(.rela.fini)

.rel.rodata
 *(.rel.rodata)
 *(.rel.rodata.*)
 *(.rel.gnu.linkonce.r*)

.rela.rodata
 *(.rela.rodata)
 *(.rela.rodata.*)
 *(.rela.gnu.linkonce.r*)

.rel.data
 *(.rel.data)
 *(.rel.data.*)
 *(.rel.gnu.linkonce.d*)

.rela.data
 *(.rela.data)
 *(.rela.data.*)
 *(.rela.gnu.linkonce.d*)

.rel.ctors
 *(.rel.ctors)

.rela.ctors
 *(.rela.ctors)

.rel.dtors
 *(.rel.dtors)

.rela.dtors
 *(.rela.dtors)

.rel.got
 *(.rel.got)

.rela.got
 *(.rela.got)

.rel.bss
 *(.rel.bss)

.rela.bss
 *(.rela.bss)

.rel.plt
 *(.rel.plt)

.rela.plt
 *(.rela.plt)

.text           0x00000000     0x2d24
 *(.vectors)
 .vectors       0x00000000       0x8c C:/Program Files (x86)/Atmel/Studio/7.0/Packs/atmel/ATmega_DFP/1.2.132/gcc/dev/atmega64/avr5/crtatmega64.o
                0x00000000                __vector_default
                0x00000000                __vectors
 *(.vectors)
 *(.progmem.gcc*)
 .progmem.gcc_sw_table.LED_INDICATOR_CELL_ADDRES
                0x0000008c       0x10 LEDs.o
                0x0000009c                . = ALIGN (0x2)
                0x0000009c                __trampolines_start = .
 *(.trampolines)
 .trampolines   0x0000009c        0x0 linker stubs
 *(.trampolines*)
                0x0000009c                __trampolines_end = .
 *libprintf_flt.a:*(.progmem.data)
 *libc.a:*(.progmem.data)
 *(.progmem*)
                0x0000009c                . = ALIGN (0x2)
 *(.jumptables)
 *(.jumptables*)
 *(.lowtext)
 *(.lowtext*)
                0x0000009c                __ctors_start = .
 *(.ctors)
                0x0000009c                __ctors_end = .
                0x0000009c                __dtors_start = .
 *(.dtors)
                0x0000009c                __dtors_end = .
 SORT(*)(.ctors)
 SORT(*)(.dtors)
 *(.init0)
 .init0         0x0000009c        0x0 C:/Program Files (x86)/Atmel/Studio/7.0/Packs/atmel/ATmega_DFP/1.2.132/gcc/dev/atmega64/avr5/crtatmega64.o
                0x0000009c                __init
 *(.init0)
 *(.init1)
 *(.init1)
 *(.init2)
 .init2         0x0000009c        0xc C:/Program Files (x86)/Atmel/Studio/7.0/Packs/atmel/ATmega_DFP/1.2.132/gcc/dev/atmega64/avr5/crtatmega64.o
 *(.init2)
 *(.init3)
 *(.init3)
 *(.init4)
 .init4         0x000000a8       0x10 c:/program files (x86)/atmel/studio/7.0/toolchain/avr8/avr8-gnu-toolchain/bin/../lib/gcc/avr/5.4.0/avr5\libgcc.a(_clear_bss.o)
                0x000000a8                __do_clear_bss
 *(.init4)
 *(.init5)
 *(.init5)
 *(.init6)
 *(.init6)
 *(.init7)
 *(.init7)
 *(.init8)
 *(.init8)
 *(.init9)
 .init9         0x000000b8        0x8 C:/Program Files (x86)/Atmel/Studio/7.0/Packs/atmel/ATmega_DFP/1.2.132/gcc/dev/atmega64/avr5/crtatmega64.o
 *(.init9)
 *(.text)
 .text          0x000000c0        0x4 C:/Program Files (x86)/Atmel/Studio/7.0/Packs/atmel/ATmega_DFP/1.2.132/gcc/dev/atmega64/avr5/crtatmega64.o
                0x000000c0                __vector_22
                0x000000c0                __vector_28
                0x000000c0                __vector_1
                0x000000c0                __vector_32
                0x000000c0                __vector_34
                0x000000c0                __vector_24
                0x000000c0                __vector_12
                0x000000c0                __bad_interrupt
                0x000000c0                __vector_6
                0x000000c0                __vector_31
                0x000000c0                __vector_23
                0x000000c0                __vector_30
                0x000000c0                __vector_25
                0x000000c0                __vector_11
                0x000000c0                __vector_13
                0x000000c0                __vector_17
                0x000000c0                __vector_19
                0x000000c0                __vector_7
                0x000000c0                __vector_27
                0x000000c0                __vector_5
                0x000000c0                __vector_33
                0x000000c0                __vector_4
                0x000000c0                __vector_9
                0x000000c0                __vector_21
                0x000000c0                __vector_15
                0x000000c0                __vector_29
                0x000000c0                __vector_8
                0x000000c0                __vector_26
                0x000000c0                __vector_10
                0x000000c0                __vector_16
                0x000000c0                __vector_20
                0x000000c4                . = ALIGN (0x2)
 *(.text.*)
 .text.EEPROM_write
                0x000000c4       0x10 EEPROM.o
                0x000000c4                EEPROM_write
 .text.EEPROM_read
                0x000000d4        0xe EEPROM.o
                0x000000d4                EEPROM_read
 .text.corret_bytes
                0x000000e2       0x38 EEPROM.o
                0x000000e2                corret_bytes
 .text.to_EEPROM
                0x0000011a       0x62 EEPROM.o
                0x0000011a                to_EEPROM
 .text.from_EEPROM
                0x0000017c      0x110 EEPROM.o
                0x0000017c                from_EEPROM
 .text.Scan_and_write_read_EEPROM
                0x0000028c      0x782 EEPROM.o
                0x0000028c                Scan_and_write_read_EEPROM
 .text.ToEepromFromPC
                0x00000a0e       0x68 EEPROM.o
                0x00000a0e                ToEepromFromPC
 .text.Buttons_int_init
                0x00000a76       0x16 Interrupts.o
                0x00000a76                Buttons_int_init
 .text.Buttons_ints_DISABLE
                0x00000a8c        0xe Interrupts.o
                0x00000a8c                Buttons_ints_DISABLE
 .text.Buttons_ints_ENABLE
                0x00000a9a        0xe Interrupts.o
                0x00000a9a                Buttons_ints_ENABLE
 .text.__vector_2
                0x00000aa8       0x96 Interrupts.o
                0x00000aa8                __vector_2
 .text.__vector_3
                0x00000b3e       0x5a Interrupts.o
                0x00000b3e                __vector_3
 .text.__vector_18
                0x00000b98       0x62 Interrupts.o
                0x00000b98                __vector_18
 .text.__vector_14
                0x00000bfa       0x76 Interrupts.o
                0x00000bfa                __vector_14
 .text.startup.main
                0x00000c70       0x26 KabelTest_Board_3.o
                0x00000c70                main
 .text.LEDs_init
                0x00000c96       0x18 LEDs.o
                0x00000c96                LEDs_init
 .text.LED_INDICATOR_init
                0x00000cae       0x1e LEDs.o
                0x00000cae                LED_INDICATOR_init
 .text.LED_INDICATOR_reset
                0x00000ccc       0x12 LEDs.o
                0x00000ccc                LED_INDICATOR_reset
 .text.Blink_blueLED
                0x00000cde       0x40 LEDs.o
                0x00000cde                Blink_blueLED
 .text.Toogle_blue_LED
                0x00000d1e       0x24 LEDs.o
                0x00000d1e                Toogle_blue_LED
 .text.Led_Indicator_OFF
                0x00000d42       0x24 LEDs.o
                0x00000d42                Led_Indicator_OFF
 .text.Led_Indicator_ON
                0x00000d66       0x12 LEDs.o
                0x00000d66                Led_Indicator_ON
 .text.LED_INDICATOR_CELL_ADDRES
                0x00000d78      0x17a LEDs.o
                0x00000d78                LED_INDICATOR_CELL_ADDRES
 .text.pull_PINF
                0x00000ef2       0x48 Process.o
                0x00000ef2                pull_PINF
 .text.pull_PINE
                0x00000f3a       0x6c Process.o
                0x00000f3a                pull_PINE
 .text.pull_PINB
                0x00000fa6       0x90 Process.o
                0x00000fa6                pull_PINB
 .text.pull_PIND
                0x00001036       0x50 Process.o
                0x00001036                pull_PIND
 .text.pull_PINC
                0x00001086       0x90 Process.o
                0x00001086                pull_PINC
 .text.pull_PINA
                0x00001116       0x90 Process.o
                0x00001116                pull_PINA
 .text.Scan_USART_Transmit
                0x000011a6     0x177a Process.o
                0x000011a6                Scan_USART_Transmit
 .text.fromEeprom_toLongString
                0x00002920      0x2e8 Process.o
                0x00002920                fromEeprom_toLongString
 .text.Timer_1_int_LONG
                0x00002c08       0x16 Timer_1.o
                0x00002c08                Timer_1_int_LONG
 .text.Timer_1_int_SHORT
                0x00002c1e       0x16 Timer_1.o
                0x00002c1e                Timer_1_int_SHORT
 .text.Timer_1_int_DISABLE
                0x00002c34        0xa Timer_1.o
                0x00002c34                Timer_1_int_DISABLE
 .text.USART_Init
                0x00002c3e       0x12 UART.o
                0x00002c3e                USART_Init
 .text.USART_Receive
                0x00002c50        0x8 UART.o
                0x00002c50                USART_Receive
 .text.USART_Flush
                0x00002c58       0x1c UART.o
                0x00002c58                USART_Flush
 .text.USART_Transmit_0
                0x00002c74        0xa UART.o
                0x00002c74                USART_Transmit_0
 .text.USART_Transmit_1
                0x00002c7e        0xa UART.o
                0x00002c7e                USART_Transmit_1
 .text.USART_Transmit_space
                0x00002c88        0xa UART.o
                0x00002c88                USART_Transmit_space
 .text.Processing_RecivedByte
                0x00002c92       0x76 UART.o
                0x00002c92                Processing_RecivedByte
 .text.UART_RX_int_DISABLE
                0x00002d08        0x4 UART.o
                0x00002d08                UART_RX_int_DISABLE
 .text.UART_RX_int_ENABLE
                0x00002d0c        0x8 UART.o
                0x00002d0c                UART_RX_int_ENABLE
 .text.libgcc   0x00002d14        0xc c:/program files (x86)/atmel/studio/7.0/toolchain/avr8/avr8-gnu-toolchain/bin/../lib/gcc/avr/5.4.0/avr5\libgcc.a(_tablejump2.o)
                0x00002d14                __tablejump2__
                0x00002d20                . = ALIGN (0x2)
 *(.fini9)
 .fini9         0x00002d20        0x0 c:/program files (x86)/atmel/studio/7.0/toolchain/avr8/avr8-gnu-toolchain/bin/../lib/gcc/avr/5.4.0/avr5\libgcc.a(_exit.o)
                0x00002d20                _exit
                0x00002d20                exit
 *(.fini9)
 *(.fini8)
 *(.fini8)
 *(.fini7)
 *(.fini7)
 *(.fini6)
 *(.fini6)
 *(.fini5)
 *(.fini5)
 *(.fini4)
 *(.fini4)
 *(.fini3)
 *(.fini3)
 *(.fini2)
 *(.fini2)
 *(.fini1)
 *(.fini1)
 *(.fini0)
 .fini0         0x00002d20        0x4 c:/program files (x86)/atmel/studio/7.0/toolchain/avr8/avr8-gnu-toolchain/bin/../lib/gcc/avr/5.4.0/avr5\libgcc.a(_exit.o)
 *(.fini0)
                0x00002d24                _etext = .

.data           0x00800100        0x0 load address 0x00002d24
                [!provide]                PROVIDE (__data_start, .)
 *(.data)
 *(.data*)
 *(.rodata)
 *(.rodata*)
 *(.gnu.linkonce.d*)
                0x00800100                . = ALIGN (0x2)
                0x00800100                _edata = .
                [!provide]                PROVIDE (__data_end, .)

.bss            0x00800100       0x11
                0x00800100                PROVIDE (__bss_start, .)
 *(.bss)
 *(.bss*)
 .bss.Eeprom_addres
                0x00800100        0x2 EEPROM.o
 .bss.A         0x00800102        0x1 EEPROM.o
 .bss.C         0x00800103        0x1 EEPROM.o
 .bss.D         0x00800104        0x1 EEPROM.o
 .bss.B         0x00800105        0x1 EEPROM.o
 .bss.E         0x00800106        0x1 EEPROM.o
 .bss.F         0x00800107        0x1 EEPROM.o
 .bss.count.1840
                0x00800108        0x1 Interrupts.o
 .bss.cell.1813
                0x00800109        0x1 LEDs.o
 .bss.Eeprom_addres_process
                0x0080010a        0x2 Process.o
 *(COMMON)
 COMMON         0x0080010c        0x5 KabelTest_Board_3.o
                0x0080010c                cell_addres
                0x0080010e                Mode
                0x0080010f                ToEepromFromPC_cell_addres
                0x00800111                PROVIDE (__bss_end, .)
                0x00002d24                __data_load_start = LOADADDR (.data)
                0x00002d24                __data_load_end = (__data_load_start + SIZEOF (.data))

.noinit         0x00800111        0x0
                [!provide]                PROVIDE (__noinit_start, .)
 *(.noinit*)
                [!provide]                PROVIDE (__noinit_end, .)
                0x00800111                _end = .
                [!provide]                PROVIDE (__heap_start, .)

.eeprom         0x00810000        0x0
 *(.eeprom*)
                0x00810000                __eeprom_end = .

.fuse
 *(.fuse)
 *(.lfuse)
 *(.hfuse)
 *(.efuse)

.lock
 *(.lock*)

.signature
 *(.signature*)

.user_signatures
 *(.user_signatures*)

.stab
 *(.stab)

.stabstr
 *(.stabstr)

.stab.excl
 *(.stab.excl)

.stab.exclstr
 *(.stab.exclstr)

.stab.index
 *(.stab.index)

.stab.indexstr
 *(.stab.indexstr)

.comment        0x00000000       0x30
 *(.comment)
 .comment       0x00000000       0x30 EEPROM.o
                                 0x31 (size before relaxing)
 .comment       0x00000030       0x31 Interrupts.o
 .comment       0x00000030       0x31 KabelTest_Board_3.o
 .comment       0x00000030       0x31 LEDs.o
 .comment       0x00000030       0x31 Process.o
 .comment       0x00000030       0x31 Timer_1.o
 .comment       0x00000030       0x31 UART.o

.note.gnu.avr.deviceinfo
                0x00000000       0x3c
 .note.gnu.avr.deviceinfo
                0x00000000       0x3c C:/Program Files (x86)/Atmel/Studio/7.0/Packs/atmel/ATmega_DFP/1.2.132/gcc/dev/atmega64/avr5/crtatmega64.o

.note.gnu.build-id
 *(.note.gnu.build-id)

.debug
 *(.debug)

.line
 *(.line)

.debug_srcinfo
 *(.debug_srcinfo)

.debug_sfnames
 *(.debug_sfnames)

.debug_aranges
 *(.debug_aranges)

.debug_pubnames
 *(.debug_pubnames)

.debug_info     0x00000000      0x780
 *(.debug_info .gnu.linkonce.wi.*)
 .debug_info    0x00000000      0x780 C:/Program Files (x86)/Atmel/Studio/7.0/Packs/atmel/ATmega_DFP/1.2.132/gcc/dev/atmega64/avr5/crtatmega64.o

.debug_abbrev   0x00000000      0x718
 *(.debug_abbrev)
 .debug_abbrev  0x00000000      0x718 C:/Program Files (x86)/Atmel/Studio/7.0/Packs/atmel/ATmega_DFP/1.2.132/gcc/dev/atmega64/avr5/crtatmega64.o

.debug_line     0x00000000      0x169
 *(.debug_line .debug_line.* .debug_line_end)
 .debug_line    0x00000000      0x169 C:/Program Files (x86)/Atmel/Studio/7.0/Packs/atmel/ATmega_DFP/1.2.132/gcc/dev/atmega64/avr5/crtatmega64.o

.debug_frame
 *(.debug_frame)

.debug_str      0x00000000      0x27e
 *(.debug_str)
 .debug_str     0x00000000      0x27e C:/Program Files (x86)/Atmel/Studio/7.0/Packs/atmel/ATmega_DFP/1.2.132/gcc/dev/atmega64/avr5/crtatmega64.o

.debug_loc
 *(.debug_loc)

.debug_macinfo
 *(.debug_macinfo)

.debug_weaknames
 *(.debug_weaknames)

.debug_funcnames
 *(.debug_funcnames)

.debug_typenames
 *(.debug_typenames)

.debug_varnames
 *(.debug_varnames)

.debug_pubtypes
 *(.debug_pubtypes)

.debug_ranges
 *(.debug_ranges)

.debug_macro
 *(.debug_macro)
OUTPUT(KabelTest_Board_3.elf elf32-avr)
LOAD linker stubs
